<html>
<body>
<pre>
<h1>µVision Build Log</h1>
<h2>Project:</h2>
C:\Users\nill\Desktop\STM\FRSTM\STM32F103ZET_FreeRTOS.uvproj
Project File Date:  05/19/2016

<h2>Output:</h2>
Build target 'FRSTM'
compiling main.c...
STM32FLib\USER\main.c(62): warning:  #167-D: argument of type "signed char *" is incompatible with parameter of type "const char *const"
compiling stm32f10x_it.c...
compiling core_cm3.c...
compiling system_stm32f10x.c...
compiling misc.c...
compiling stm32f10x_adc.c...
compiling stm32f10x_bkp.c...
compiling stm32f10x_can.c...
compiling stm32f10x_cec.c...
compiling stm32f10x_crc.c...
compiling stm32f10x_dac.c...
compiling stm32f10x_dbgmcu.c...
compiling stm32f10x_dma.c...
compiling stm32f10x_exti.c...
compiling stm32f10x_flash.c...
compiling stm32f10x_fsmc.c...
compiling stm32f10x_gpio.c...
compiling stm32f10x_i2c.c...
compiling stm32f10x_iwdg.c...
compiling stm32f10x_pwr.c...
compiling stm32f10x_rcc.c...
compiling stm32f10x_rtc.c...
compiling stm32f10x_sdio.c...
compiling stm32f10x_spi.c...
compiling stm32f10x_tim.c...
compiling stm32f10x_usart.c...
compiling stm32f10x_wwdg.c...
assembling startup_stm32f10x_hd.s...
compiling croutine.c...
compiling heap_2.c...
compiling list.c...
compiling port.c...
compiling queue.c...
compiling tasks.c...
compiling timers.c...
linking...
Program Size: Code=7536 RO-data=336 RW-data=124 ZI-data=19244  
FromELF: creating hex file...
".\Project\OUTPUT\STM32F103ZET_FreeRTOS.axf" - 0 Errors, 1 Warning(s).
Build target 'FRSTM'
compiling main.c...
STM32FLib\USER\main.c(62): warning:  #167-D: argument of type "signed char *" is incompatible with parameter of type "const char *const"
compiling croutine.c...
compiling heap_2.c...
compiling list.c...
compiling port.c...
compiling queue.c...
compiling tasks.c...
compiling timers.c...
linking...
Program Size: Code=7544 RO-data=336 RW-data=124 ZI-data=19244  
FromELF: creating hex file...
".\Project\OUTPUT\STM32F103ZET_FreeRTOS.axf" - 0 Errors, 1 Warning(s).
Load "C:\\Users\\nill\\Desktop\\STM\\FRSTM\\Project\\OUTPUT\\STM32F103ZET_FreeRTOS.axf" 
Set JLink Project File to "C:\Users\nill\Desktop\STM\FRSTM\JLinkSettings.ini"
* JLink Info: Device "STM32F103ZE" selected (512 KB flash, 64 KB RAM).
 
JLink info:
------------
DLL: V4.68a, compiled Apr 12 2013 13:26:50
Firmware: J-Link ARM V8 compiled Nov 28 2014 13:44:46
Hardware: V8.00
S/N : 286370559 
Feature(s) : RDI,FlashDL,FlashBP,JFlash 
 
* JLink Info: TotalIRLen = 9, IRPrint = 0x0011
* JLink Info: TotalIRLen = 9, IRPrint = 0x0011
* JLink Info: Found Cortex-M3 r1p1, Little endian.
* JLink Info: TPIU fitted.
* JLink Info: ETM fitted.
* JLink Info: FPUnit: 6 code (BP) slots and 2 literal slots
ROMTableAddr = 0xE00FF003
* JLink Info: Found Cortex-M3 r1p1, Little endian.
* JLink Info: TPIU fitted.
* JLink Info: ETM fitted.
* JLink Info: FPUnit: 6 code (BP) slots and 2 literal slots
 
Target info:
------------
Device: STM32F103ZE
VTarget = 3.319V
State of Pins: 
TCK: 1, TDI: 0, TDO: 1, TMS: 0, TRES: 1, TRST: 1
Hardware-Breakpoints: 6
Software-Breakpoints: 8192
Watchpoints:          4
JTAG speed: 2000 kHz
 
Full Chip Erase Done.
Programming Done.
Verify OK.
* JLink Info: Found Cortex-M3 r1p1, Little endian.
* JLink Info: TPIU fitted.
* JLink Info: ETM fitted.
* JLink Info: FPUnit: 6 code (BP) slots and 2 literal slots
Application running ...
Build target 'FRSTM'
compiling main.c...
STM32FLib\USER\main.c(62): warning:  #167-D: argument of type "signed char *" is incompatible with parameter of type "const char *const"
linking...
Program Size: Code=7540 RO-data=336 RW-data=124 ZI-data=19244  
FromELF: creating hex file...
".\Project\OUTPUT\STM32F103ZET_FreeRTOS.axf" - 0 Errors, 1 Warning(s).
Load "C:\\Users\\nill\\Desktop\\STM\\FRSTM\\Project\\OUTPUT\\STM32F103ZET_FreeRTOS.axf" 
Set JLink Project File to "C:\Users\nill\Desktop\STM\FRSTM\JLinkSettings.ini"
* JLink Info: Device "STM32F103ZE" selected (512 KB flash, 64 KB RAM).
 
JLink info:
------------
DLL: V4.68a, compiled Apr 12 2013 13:26:50
Firmware: J-Link ARM V8 compiled Nov 28 2014 13:44:46
Hardware: V8.00
S/N : 286370559 
Feature(s) : RDI,FlashDL,FlashBP,JFlash 
 
* JLink Info: TotalIRLen = 9, IRPrint = 0x0011
* JLink Info: TotalIRLen = 9, IRPrint = 0x0011
* JLink Info: Found Cortex-M3 r1p1, Little endian.
* JLink Info: TPIU fitted.
* JLink Info: ETM fitted.
* JLink Info: FPUnit: 6 code (BP) slots and 2 literal slots
ROMTableAddr = 0xE00FF003
* JLink Info: Found Cortex-M3 r1p1, Little endian.
* JLink Info: TPIU fitted.
* JLink Info: ETM fitted.
* JLink Info: FPUnit: 6 code (BP) slots and 2 literal slots
 
Target info:
------------
Device: STM32F103ZE
VTarget = 3.319V
State of Pins: 
TCK: 1, TDI: 0, TDO: 1, TMS: 0, TRES: 1, TRST: 1
Hardware-Breakpoints: 6
Software-Breakpoints: 8192
Watchpoints:          4
JTAG speed: 2000 kHz
 
Full Chip Erase Done.
Programming Done.
Verify OK.
* JLink Info: Found Cortex-M3 r1p1, Little endian.
* JLink Info: TPIU fitted.
* JLink Info: ETM fitted.
* JLink Info: FPUnit: 6 code (BP) slots and 2 literal slots
Application running ...
Build target 'FRSTM'
compiling main.c...
STM32FLib\USER\main.c(62): warning:  #167-D: argument of type "signed char *" is incompatible with parameter of type "const char *const"
linking...
Program Size: Code=7544 RO-data=336 RW-data=124 ZI-data=19244  
FromELF: creating hex file...
".\Project\OUTPUT\STM32F103ZET_FreeRTOS.axf" - 0 Errors, 1 Warning(s).
Load "C:\\Users\\nill\\Desktop\\STM\\FRSTM\\Project\\OUTPUT\\STM32F103ZET_FreeRTOS.axf" 
Set JLink Project File to "C:\Users\nill\Desktop\STM\FRSTM\JLinkSettings.ini"
* JLink Info: Device "STM32F103ZE" selected (512 KB flash, 64 KB RAM).
 
JLink info:
------------
DLL: V4.68a, compiled Apr 12 2013 13:26:50
Firmware: J-Link ARM V8 compiled Nov 28 2014 13:44:46
Hardware: V8.00
S/N : 286370559 
Feature(s) : RDI,FlashDL,FlashBP,JFlash 
 
* JLink Info: TotalIRLen = 9, IRPrint = 0x0011
* JLink Info: TotalIRLen = 9, IRPrint = 0x0011
* JLink Info: Found Cortex-M3 r1p1, Little endian.
* JLink Info: TPIU fitted.
* JLink Info: ETM fitted.
* JLink Info: FPUnit: 6 code (BP) slots and 2 literal slots
ROMTableAddr = 0xE00FF003
* JLink Info: Found Cortex-M3 r1p1, Little endian.
* JLink Info: TPIU fitted.
* JLink Info: ETM fitted.
* JLink Info: FPUnit: 6 code (BP) slots and 2 literal slots
 
Target info:
------------
Device: STM32F103ZE
VTarget = 3.325V
State of Pins: 
TCK: 1, TDI: 0, TDO: 1, TMS: 0, TRES: 1, TRST: 1
Hardware-Breakpoints: 6
Software-Breakpoints: 8192
Watchpoints:          4
JTAG speed: 2000 kHz
 
Full Chip Erase Done.
Programming Done.
Verify OK.
* JLink Info: Found Cortex-M3 r1p1, Little endian.
* JLink Info: TPIU fitted.
* JLink Info: ETM fitted.
* JLink Info: FPUnit: 6 code (BP) slots and 2 literal slots
Application running ...
Build target 'FRSTM'
compiling main.c...
STM32FLib\USER\main.c(62): warning:  #167-D: argument of type "signed char *" is incompatible with parameter of type "const char *const"
linking...
Program Size: Code=7540 RO-data=336 RW-data=124 ZI-data=19244  
FromELF: creating hex file...
".\Project\OUTPUT\STM32F103ZET_FreeRTOS.axf" - 0 Errors, 1 Warning(s).
Load "C:\\Users\\nill\\Desktop\\STM\\FRSTM\\Project\\OUTPUT\\STM32F103ZET_FreeRTOS.axf" 
Set JLink Project File to "C:\Users\nill\Desktop\STM\FRSTM\JLinkSettings.ini"
* JLink Info: Device "STM32F103ZE" selected (512 KB flash, 64 KB RAM).
 
JLink info:
------------
DLL: V4.68a, compiled Apr 12 2013 13:26:50
Firmware: J-Link ARM V8 compiled Nov 28 2014 13:44:46
Hardware: V8.00
S/N : 286370559 
Feature(s) : RDI,FlashDL,FlashBP,JFlash 
 
* JLink Info: TotalIRLen = 9, IRPrint = 0x0011
* JLink Info: TotalIRLen = 9, IRPrint = 0x0011
* JLink Info: Found Cortex-M3 r1p1, Little endian.
* JLink Info: TPIU fitted.
* JLink Info: ETM fitted.
* JLink Info: FPUnit: 6 code (BP) slots and 2 literal slots
ROMTableAddr = 0xE00FF003
* JLink Info: Found Cortex-M3 r1p1, Little endian.
* JLink Info: TPIU fitted.
* JLink Info: ETM fitted.
* JLink Info: FPUnit: 6 code (BP) slots and 2 literal slots
 
Target info:
------------
Device: STM32F103ZE
VTarget = 3.325V
State of Pins: 
TCK: 1, TDI: 0, TDO: 1, TMS: 0, TRES: 1, TRST: 1
Hardware-Breakpoints: 6
Software-Breakpoints: 8192
Watchpoints:          4
JTAG speed: 2000 kHz
 
Full Chip Erase Done.
Programming Done.
Verify OK.
* JLink Info: Found Cortex-M3 r1p1, Little endian.
* JLink Info: TPIU fitted.
* JLink Info: ETM fitted.
* JLink Info: FPUnit: 6 code (BP) slots and 2 literal slots
Application running ...
Build target 'FRSTM'
compiling main.c...
STM32FLib\USER\main.c(64): warning:  #167-D: argument of type "signed char *" is incompatible with parameter of type "const char *const"
linking...
Program Size: Code=7540 RO-data=336 RW-data=124 ZI-data=19244  
FromELF: creating hex file...
".\Project\OUTPUT\STM32F103ZET_FreeRTOS.axf" - 0 Errors, 1 Warning(s).
